exports[`react component Renders with jest test rendrer 1`] = `
<div>
  My string
</div>
`;
